2025-09-17 12:26:51, MOVE, v:1, k:toalha, mode:DOWN
2025-09-17 12:26:58, MOVE, v:1, k:animal, mode:DOWN
2025-09-17 16:17:52, MOVE, v:1, k:toalha, mode:PICK
2025-09-17 16:30:28, EXEC, v:1, k:toalha, mode:LOCK, rate:100, size:24
2025-09-17 16:30:29, EXEC, v:1, k:toalha, mode:LOCK, rate:100
2025-09-17 16:30:30, MOVE, v:1, k:toalha, mode:BACK
2025-09-17 16:30:37, SELF, v:1, k:toalha, rate:100, flow:6, edge:5
2025-09-17 17:49:36, MOVE, v:1, k:animal, mode:PICK
2025-09-17 17:49:36, EXEC, v:1, k:animal, mode:FULL, rate:0, size:60
2025-09-17 17:50:32, EXEC, v:1, k:animal, mode:FULL, rate:0, size:65
2025-09-17 17:52:32, EXEC, v:1, k:animal, mode:FULL, rate:25, size:61
2025-09-17 17:53:03, EXEC, v:1, k:animal, mode:FULL, rate:25, size:61
2025-09-17 17:56:49, EXEC, v:1, k:animal, mode:FULL, rate:25
2025-09-17 17:57:36, EXEC, v:1, k:animal, mode:FULL, rate:25
2025-09-17 17:57:41, EXEC, v:1, k:animal, mode:FULL, rate:25, size:61
2025-09-17 17:57:59, EXEC, v:1, k:animal, mode:FULL, rate:100, size:61
2025-09-17 17:59:18, EXEC, v:1, k:animal, mode:FULL, rate:0, size:51
2025-09-17 17:59:29, EXEC, v:1, k:animal, mode:FULL, rate:100, size:52
2025-09-17 18:03:06, MOVE, v:1, k:animal, mode:BACK
2025-09-17 18:03:43, SELF, v:1, k:animal, rate:100, flow:6, edge:5
2025-09-17 18:03:53, MOVE, v:1, k:carro, mode:DOWN
2025-09-17 18:28:37, MOVE, v:1, k:carro, mode:PICK
2025-09-17 18:28:38, EXEC, v:1, k:carro, mode:FULL, rate:0, size:69
2025-09-17 18:28:54, EXEC, v:1, k:carro, mode:FULL, rate:0, size:69
2025-09-17 18:29:12, EXEC, v:1, k:carro, mode:FULL, rate:10, size:69
2025-09-17 18:29:43, EXEC, v:1, k:carro, mode:FULL, rate:50, size:69
2025-09-17 18:31:51, EXEC, v:1, k:carro, mode:FULL, rate:50, size:69
2025-09-17 18:41:29, EXEC, v:1, k:carro, mode:FULL, rate:60, size:69
2025-09-17 18:41:46, EXEC, v:1, k:carro, mode:FULL, rate:80, size:69
2025-09-17 18:41:55, EXEC, v:1, k:carro, mode:FULL, rate:100, size:69
2025-09-17 18:41:56, MOVE, v:1, k:carro, mode:BACK
2025-09-17 18:42:02, SELF, v:1, k:carro, rate:100, flow:6, edge:5
