2025-10-08 15:05:26, MOVE, v:1, k:chinela, mode:PICK
2025-10-08 15:13:45, EXEC, v:1, k:chinela, mode:LOCK, rate:100, size:32
2025-10-08 15:13:47, EXEC, v:1, k:chinela, mode:FREE
2025-10-08 15:14:04, EXEC, v:1, k:chinela, mode:FREE, size:35
2025-10-08 15:15:29, MOVE, v:1, k:chinela, mode:BACK
2025-10-08 15:15:41, SELF, v:1, k:chinela, rate:100, flow:6, edge:5
2025-10-08 15:15:43, MOVE, v:1, k:camisa, mode:DOWN
2025-10-08 15:23:16, MOVE, v:1, k:camisa, mode:PICK
2025-10-08 15:23:17, EXEC, v:1, k:camisa, mode:LOCK, rate:100, size:16
2025-10-08 15:23:18, MOVE, v:1, k:camisa, mode:BACK
2025-10-08 15:24:31, MOVE, v:1, k:camisa, mode:PICK
2025-10-08 15:24:32, EXEC, v:1, k:camisa, mode:FREE, size:28
2025-10-08 15:24:52, EXEC, v:1, k:camisa, mode:LOCK, rate:0, size:30
2025-10-08 15:25:42, EXEC, v:1, k:camisa, mode:LOCK, rate:0
2025-10-08 15:25:47, EXEC, v:1, k:camisa, mode:LOCK, rate:0, size:30
2025-10-08 15:26:15, EXEC, v:1, k:camisa, mode:LOCK, rate:0, size:30
2025-10-08 15:26:31, EXEC, v:1, k:camisa, mode:LOCK, rate:0, size:30
2025-10-08 15:29:17, MOVE, v:1, k:camisa, mode:BACK
2025-10-08 15:29:20, MOVE, v:1, k:camisa, mode:PICK
2025-10-08 15:29:22, EXEC, v:1, k:camisa, mode:FREE, size:30
2025-10-08 15:32:04, MOVE, v:1, k:camisa, mode:BACK
2025-10-08 15:32:10, SELF, v:1, k:camisa, rate:100, flow:6, edge:5
2025-10-08 15:32:11, MOVE, v:1, k:roupa, mode:DOWN
