2025-10-29 11:57:59, MOVE, v:1, k:charger, mode:DOWN
2025-10-29 11:58:15, MOVE, v:1, k:charger, mode:DOWN
2025-10-29 11:58:17, MOVE, v:1, k:charger, mode:DOWN
2025-10-29 11:58:19, MOVE, v:1, k:charger, mode:DOWN
2025-10-29 11:58:19, MOVE, v:1, k:charger, mode:DOWN
2025-10-29 11:58:20, MOVE, v:1, k:charger, mode:DOWN
2025-10-29 11:58:20, MOVE, v:1, k:charger, mode:DOWN
2025-10-29 11:58:20, MOVE, v:1, k:charger, mode:DOWN
2025-10-29 12:09:21, MOVE, v:1, k:notebook, mode:PICK
2025-10-29 12:09:22, EXEC, v:1, k:notebook, mode:LOCK, rate:0, size:30
2025-10-29 12:16:24, EXEC, v:1, k:notebook, mode:LOCK, rate:0, size:34
2025-10-29 12:17:02, EXEC, v:1, k:notebook, mode:LOCK, rate:0, size:37
2025-10-29 12:40:37, EXEC, v:1, k:notebook, mode:LOCK, rate:0, size:85
2025-10-29 12:42:37, EXEC, v:1, k:notebook, mode:LOCK, rate:0, size:90
2025-10-29 12:42:50, EXEC, v:1, k:notebook, mode:LOCK, rate:0, size:90
2025-10-29 12:43:04, EXEC, v:1, k:notebook, mode:LOCK, rate:0, size:90
2025-10-29 12:43:23, EXEC, v:1, k:notebook, mode:LOCK, rate:0
2025-10-29 12:44:52, EXEC, v:1, k:notebook, mode:LOCK, rate:0, size:90
2025-10-29 12:49:57, EXEC, v:1, k:notebook, mode:LOCK, rate:0, size:94
2025-10-29 12:50:34, EXEC, v:1, k:notebook, mode:LOCK, rate:0, size:94
2025-10-29 12:54:36, EXEC, v:1, k:notebook, mode:LOCK, rate:0, size:99
2025-10-29 12:54:45, EXEC, v:1, k:notebook, mode:LOCK, rate:0, size:99
2025-10-29 12:55:00, EXEC, v:1, k:notebook, mode:LOCK, rate:0, size:99
2025-10-29 13:02:04, EXEC, v:1, k:notebook, mode:LOCK, rate:0, size:164
2025-10-29 13:02:18, EXEC, v:1, k:notebook, mode:LOCK, rate:0, size:164
2025-10-29 13:05:48, MOVE, v:1, k:notebook, mode:BACK
2025-10-29 13:15:55, MOVE, v:1, k:charger, mode:PICK
2025-10-29 13:15:56, EXEC, v:1, k:charger, mode:FULL, rate:0, size:149
2025-10-29 13:16:04, EXEC, v:1, k:charger, mode:FULL, rate:0, size:150
