2025-11-19 07:59:36, MOVE, v:1, k:contato, mode:DOWN
2025-11-19 07:59:51, MOVE, v:1, k:agenda, mode:DOWN
2025-11-19 08:18:18, MOVE, v:1, k:contato, mode:PICK
2025-11-19 08:18:19, EXEC, v:1, k:contato, mode:FULL, rate:0, size:57
2025-11-19 08:24:31, EXEC, v:1, k:contato, mode:FULL, rate:0, size:63
2025-11-19 08:24:58, EXEC, v:1, k:contato, mode:FULL, rate:0, size:64
2025-11-19 08:25:00, MOVE, v:1, k:contato, mode:BACK
2025-11-19 08:26:38, MOVE, v:1, k:contato, mode:PICK
2025-11-19 08:26:39, EXEC, v:1, k:contato, mode:FULL, rate:20, size:63
2025-11-19 08:26:46, EXEC, v:1, k:contato, mode:FULL, rate:40, size:63
2025-11-19 08:27:03, EXEC, v:1, k:contato, mode:FULL, rate:60, size:63
2025-11-19 08:29:12, EXEC, v:1, k:contato, mode:FULL, rate:80, size:61
2025-11-19 08:30:32, EXEC, v:1, k:contato, mode:FULL, rate:80, size:68
2025-11-19 08:31:32, EXEC, v:1, k:contato, mode:FULL, rate:100, size:68
2025-11-19 08:31:33, MOVE, v:1, k:contato, mode:BACK
2025-11-19 08:31:37, SELF, v:1, k:contato, rate:100, alone:10
2025-11-19 08:43:49, MOVE, v:1, k:budega, mode:PICK
2025-11-19 08:43:50, EXEC, v:1, k:budega, mode:FULL, rate:10
2025-11-19 08:44:59, EXEC, v:1, k:budega, mode:FULL, rate:100, size:77
2025-11-19 08:45:00, MOVE, v:1, k:budega, mode:BACK
2025-11-19 08:45:22, MOVE, v:1, k:budega, mode:PICK
2025-11-19 08:45:23, EXEC, v:1, k:budega, mode:FULL, rate:100, size:77
2025-11-19 08:45:24, MOVE, v:1, k:budega, mode:BACK
