2025-09-23 18:38:53, MOVE, v:1, k:carro, mode:PICK
2025-09-23 18:38:54, EXEC, v:1, k:carro, mode:FULL, rate:100, size:72
2025-09-23 18:38:55, MOVE, v:1, k:carro, mode:BACK
2025-09-23 18:40:12, MOVE, v:1, k:animal, mode:PICK
2025-09-23 18:40:13, EXEC, v:1, k:animal, mode:FULL, rate:100, size:51
2025-09-23 18:40:15, MOVE, v:1, k:animal, mode:BACK
2025-09-23 18:40:22, MOVE, v:1, k:enxugar, mode:DOWN
2025-09-23 18:43:37, MOVE, v:1, k:enxugar, mode:PICK
2025-09-23 18:43:39, EXEC, v:1, k:enxugar, mode:FULL, rate:0, size:51
2025-09-23 18:43:53, EXEC, v:1, k:enxugar, mode:FULL, rate:0
2025-09-23 18:44:14, EXEC, v:1, k:enxugar, mode:FREE
2025-09-23 18:45:08, EXEC, v:1, k:enxugar, mode:FULL, rate:0, size:53
2025-09-23 18:45:41, EXEC, v:1, k:enxugar, mode:FULL, rate:0, size:51
2025-09-23 18:46:01, EXEC, v:1, k:enxugar, mode:FULL, rate:0, size:50
2025-09-23 18:46:24, EXEC, v:1, k:enxugar, mode:FULL, rate:0, size:50
2025-09-23 18:47:01, EXEC, v:1, k:enxugar, mode:FULL, rate:0, size:53
2025-09-23 18:47:21, EXEC, v:1, k:enxugar, mode:FULL, rate:0, size:53
2025-09-23 18:47:42, EXEC, v:1, k:enxugar, mode:FULL, rate:0, size:53
2025-09-23 18:47:57, EXEC, v:1, k:enxugar, mode:FULL, rate:20, size:53
2025-09-23 18:48:44, EXEC, v:1, k:enxugar, mode:FULL, rate:40, size:53
2025-09-23 18:49:56, EXEC, v:1, k:enxugar, mode:FULL, rate:100, size:58
2025-09-23 18:50:08, MOVE, v:1, k:enxugar, mode:BACK
2025-09-23 18:50:15, SELF, v:1, k:enxugar, rate:100, flow:6, edge:5
2025-09-23 22:21:40, MOVE, v:1, k:animal, mode:PICK
2025-09-23 22:21:40, EXEC, v:1, k:animal, mode:FULL, rate:100, size:51
2025-09-23 22:21:57, EXEC, v:1, k:animal, mode:FULL, rate:100, size:51
2025-09-23 22:22:17, EXEC, v:1, k:animal, mode:FULL, rate:100, size:51
