2025-10-09 09:10:19, MOVE, v:1, k:chinela, mode:PICK
2025-10-09 09:10:20, EXEC, v:1, k:chinela, mode:FREE, size:26
2025-10-09 09:11:06, EXEC, v:1, k:chinela, mode:FREE, size:28
2025-10-09 09:11:49, EXEC, v:1, k:chinela, mode:FREE, size:28
2025-10-09 09:12:11, MOVE, v:1, k:chinela, mode:BACK
2025-10-09 09:37:08, MOVE, v:1, k:camisa, mode:PICK
2025-10-09 09:37:10, EXEC, v:1, k:camisa, mode:FREE, size:26
2025-10-09 16:04:58, MOVE, v:1, k:roupa, mode:PICK
2025-10-09 16:04:59, EXEC, v:1, k:roupa, mode:FULL, rate:0, size:32
2025-10-09 16:05:38, EXEC, v:1, k:roupa, mode:FULL, rate:0, size:33
2025-10-09 16:05:49, EXEC, v:1, k:roupa, mode:FULL, rate:0, size:33
2025-10-09 16:06:04, EXEC, v:1, k:roupa, mode:FULL, rate:100, size:33
2025-10-09 16:06:08, MOVE, v:1, k:roupa, mode:BACK
2025-10-09 16:06:10, MOVE, v:1, k:roupa, mode:PICK
2025-10-09 16:06:10, EXEC, v:1, k:roupa, mode:FULL, rate:100
2025-10-09 16:06:12, MOVE, v:1, k:roupa, mode:BACK
2025-10-09 16:06:16, SELF, v:1, k:roupa, rate:100, flow:6, edge:5
2025-10-09 16:06:38, MOVE, v:1, k:relogio, mode:DOWN
2025-10-09 16:18:47, MOVE, v:1, k:relogio, mode:PICK
2025-10-09 16:18:48, EXEC, v:1, k:relogio, mode:FREE, size:12
2025-10-09 16:50:33, EXEC, v:1, k:relogio, mode:FULL, rate:0, size:68
2025-10-09 16:50:41, EXEC, v:1, k:relogio, mode:FULL, rate:0, size:68
2025-10-09 16:50:51, EXEC, v:1, k:relogio, mode:FULL, rate:38, size:68
2025-10-09 16:51:07, EXEC, v:1, k:relogio, mode:FULL, rate:61, size:68
2025-10-09 16:51:38, EXEC, v:1, k:relogio, mode:FULL, rate:53, size:70
2025-10-09 16:51:55, EXEC, v:1, k:relogio, mode:FULL, rate:53, size:70
2025-10-09 16:52:29, EXEC, v:1, k:relogio, mode:FULL, rate:53, size:70
2025-10-09 16:52:37, EXEC, v:1, k:relogio, mode:FULL, rate:61, size:70
2025-10-09 16:53:50, EXEC, v:1, k:relogio, mode:FULL, rate:76, size:72
2025-10-09 16:55:38, EXEC, v:1, k:relogio, mode:FULL, rate:84, size:74
2025-10-09 17:04:14, EXEC, v:1, k:relogio, mode:FULL, rate:0, size:74
2025-10-09 17:05:47, EXEC, v:1, k:relogio, mode:FULL, rate:100, size:77
2025-10-09 17:05:50, MOVE, v:1, k:relogio, mode:BACK
2025-10-09 17:05:53, SELF, v:1, k:relogio, rate:100, flow:6, edge:5
2025-10-09 21:13:16, MOVE, v:1, k:chinela, mode:PICK
2025-10-09 21:13:22, MOVE, v:1, k:chinela, mode:BACK
