2025-10-30 18:03:29, MOVE, v:1, k:charger, mode:PICK
2025-10-30 18:03:29, EXEC, v:1, k:charger, mode:FULL, rate:0
2025-10-30 18:04:05, EXEC, v:1, k:charger, mode:FULL, rate:0, size:150
2025-10-30 18:04:46, EXEC, v:1, k:charger, mode:FULL, rate:0, size:150
2025-10-30 18:05:59, EXEC, v:1, k:charger, mode:FULL, rate:0, size:149
2025-10-30 18:08:39, EXEC, v:1, k:charger, mode:FULL, rate:0, size:154
2025-10-30 18:24:21, EXEC, v:1, k:charger, mode:FULL, rate:0, size:156
2025-10-30 18:24:33, EXEC, v:1, k:charger, mode:FULL, rate:0, size:156
2025-10-30 18:25:59, EXEC, v:1, k:charger, mode:FULL, rate:0, size:155
2025-10-30 18:31:07, EXEC, v:1, k:charger, mode:FULL, rate:0, size:155
2025-10-30 18:40:15, EXEC, v:1, k:charger, mode:FULL, rate:0, size:155
2025-10-30 18:40:45, EXEC, v:1, k:charger, mode:FULL, rate:0, size:155
2025-10-30 18:40:52, EXEC, v:1, k:charger, mode:FULL, rate:0, size:155
2025-10-30 18:41:22, EXEC, v:1, k:charger, mode:FULL, rate:5, size:155
2025-10-30 18:41:47, EXEC, v:1, k:charger, mode:FULL, rate:10, size:155
2025-10-30 18:42:11, EXEC, v:1, k:charger, mode:FULL, rate:10, size:155
2025-10-30 18:42:20, EXEC, v:1, k:charger, mode:FULL, rate:15, size:155
2025-10-30 18:45:09, EXEC, v:1, k:charger, mode:FULL, rate:15, size:157
2025-10-30 18:45:22, EXEC, v:1, k:charger, mode:FULL, rate:15, size:157
2025-10-30 18:45:29, EXEC, v:1, k:charger, mode:FULL, rate:20, size:157
2025-10-30 18:49:21, EXEC, v:1, k:charger, mode:FULL, rate:30, size:159
2025-10-30 18:49:37, EXEC, v:1, k:charger, mode:FULL, rate:35, size:158
2025-10-30 18:50:21, EXEC, v:1, k:charger, mode:FULL, rate:40, size:158
2025-10-30 18:52:27, EXEC, v:1, k:charger, mode:FULL, rate:40, size:159
2025-10-30 18:53:15, EXEC, v:1, k:charger, mode:FULL, rate:40, size:159
2025-10-30 18:54:19, EXEC, v:1, k:charger, mode:FULL, rate:40, size:159
2025-10-30 18:54:40, EXEC, v:1, k:charger, mode:FULL, rate:40, size:159
2025-10-30 18:56:24, EXEC, v:1, k:charger, mode:FULL, rate:40, size:159
2025-10-30 18:57:38, EXEC, v:1, k:charger, mode:FULL, rate:55, size:160
2025-10-30 18:57:57, EXEC, v:1, k:charger, mode:FULL, rate:65, size:159
2025-10-30 18:58:33, EXEC, v:1, k:charger, mode:FULL, rate:65, size:161
2025-10-30 19:00:21, EXEC, v:1, k:charger, mode:FULL, rate:65, size:162
2025-10-30 19:01:49, EXEC, v:1, k:charger, mode:FULL, rate:75, size:162
2025-10-30 19:02:27, EXEC, v:1, k:charger, mode:FULL, rate:80, size:162
2025-10-30 19:02:56, EXEC, v:1, k:charger, mode:FULL, rate:100, size:162
2025-10-30 19:02:58, MOVE, v:1, k:charger, mode:BACK
2025-10-30 19:03:03, SELF, v:1, k:charger, rate:100, alone:10
2025-10-30 19:53:10, MOVE, v:1, k:tamagotchi, mode:PICK
2025-10-30 19:53:11, EXEC, v:1, k:tamagotchi, mode:FULL, rate:0, size:110
2025-10-30 19:54:03, EXEC, v:1, k:tamagotchi, mode:FULL, rate:0, size:115
2025-10-30 19:54:20, EXEC, v:1, k:tamagotchi, mode:FULL, rate:12, size:115
2025-10-30 19:55:22, EXEC, v:1, k:tamagotchi, mode:FULL, rate:25, size:115
2025-10-30 19:55:44, EXEC, v:1, k:tamagotchi, mode:FULL, rate:62, size:115
2025-10-30 19:56:30, EXEC, v:1, k:tamagotchi, mode:FULL, rate:62, size:119
2025-10-30 19:57:07, EXEC, v:1, k:tamagotchi, mode:FULL, rate:62, size:119
2025-10-30 19:59:40, EXEC, v:1, k:tamagotchi, mode:FULL, rate:75, size:119
2025-10-30 19:59:49, EXEC, v:1, k:tamagotchi, mode:FULL, rate:37, size:119
2025-10-30 20:00:03, EXEC, v:1, k:tamagotchi, mode:FULL, rate:75, size:119
2025-10-30 20:00:22, EXEC, v:1, k:tamagotchi, mode:FULL, rate:75, size:119
2025-10-30 20:02:03, EXEC, v:1, k:tamagotchi, mode:FULL, rate:100, size:119
2025-10-30 20:02:04, MOVE, v:1, k:tamagotchi, mode:BACK
2025-10-30 20:02:09, SELF, v:1, k:tamagotchi, rate:100, alone:10
