2026-04-06 16:20:46, MOVE, v:1, k:ed@triangulo, mode:DOWN
2026-04-06 16:20:56, MOVE, v:1, k:ed@treinando, mode:DOWN
2026-04-06 18:50:36, MOVE, v:1, k:ed@triangulo, mode:PICK
2026-04-06 18:50:37, EXEC, v:1, k:ed@triangulo, mode:FULL, rate:0, size:58
2026-04-06 18:51:33, EXEC, v:1, k:ed@triangulo, mode:FULL, rate:0, size:54
2026-04-06 18:51:43, EXEC, v:1, k:ed@triangulo, mode:FULL, rate:100, size:54
2026-04-06 18:51:53, MOVE, v:1, k:ed@triangulo, mode:BACK
2026-04-06 18:52:12, SELF, v:1, k:ed@triangulo, self:1, rate:100, study:10
2026-04-06 18:52:15, MOVE, v:1, k:ed@treinando, mode:PICK
2026-04-06 18:52:15, EXEC, v:1, k:ed@treinando, mode:FULL, rate:0, size:84
2026-04-06 18:57:14, EXEC, v:1, k:ed@treinando, mode:FULL, rate:100, size:131
2026-04-06 18:57:15, EXEC, v:1, k:ed@treinando, mode:FULL, rate:100
2026-04-06 18:57:15, MOVE, v:1, k:ed@treinando, mode:BACK
2026-04-06 18:58:18, MOVE, v:1, k:ed@resto, mode:DOWN
2026-04-06 18:58:20, MOVE, v:1, k:ed@mdc, mode:DOWN
2026-04-06 19:03:22, MOVE, v:1, k:ed@resto, mode:PICK
2026-04-06 19:03:23, EXEC, v:1, k:ed@resto, mode:FULL, rate:0, size:24
2026-04-06 19:03:45, EXEC, v:1, k:ed@resto, mode:FULL, rate:100, size:24
2026-04-06 19:03:46, MOVE, v:1, k:ed@resto, mode:BACK
2026-04-06 19:05:35, MOVE, v:1, k:ed@mdc, mode:PICK
2026-04-06 19:05:36, EXEC, v:1, k:ed@mdc, mode:FULL, rate:100, size:23
2026-04-06 19:05:37, MOVE, v:1, k:ed@mdc, mode:BACK
2026-04-06 19:05:47, MOVE, v:1, k:ed@queimada, mode:DOWN
