2026-03-16 15:13:31, MOVE, v:1, k:ed@pintando, mode:DOWN
2026-03-16 15:13:41, MOVE, v:1, k:ed@mumia, mode:DOWN
2026-03-16 18:22:19, MOVE, v:1, k:ed@pintando, mode:PICK
2026-03-16 18:25:18, EXEC, v:1, k:ed@pintando, mode:FULL, rate:0, size:5
2026-03-16 18:25:29, EXEC, v:1, k:ed@pintando, mode:FULL, size:12, fail:COMP
2026-03-16 18:27:34, EXEC, v:1, k:ed@pintando, mode:FULL, size:13, fail:COMP
2026-03-16 18:28:01, EXEC, v:1, k:ed@pintando, mode:FULL, size:13, fail:COMP
2026-03-16 18:28:11, EXEC, v:1, k:ed@pintando, mode:FULL, rate:0, size:13
2026-03-16 18:28:17, EXEC, v:1, k:ed@pintando, mode:FULL, size:13, fail:COMP
2026-03-16 18:28:22, EXEC, v:1, k:ed@pintando, mode:FULL, rate:0, size:13
2026-03-16 18:30:05, EXEC, v:1, k:ed@pintando, mode:FULL, rate:0, size:13
2026-03-16 18:30:19, EXEC, v:1, k:ed@pintando, mode:FULL, rate:0, size:13
2026-03-16 18:30:28, EXEC, v:1, k:ed@pintando, mode:FULL, rate:100, size:13
2026-03-16 18:30:35, MOVE, v:1, k:ed@pintando, mode:BACK
2026-03-16 18:34:59, MOVE, v:1, k:ed@mumia, mode:PICK
2026-03-16 18:34:59, EXEC, v:1, k:ed@mumia, mode:FULL, size:23, fail:COMP
2026-03-16 18:35:10, EXEC, v:1, k:ed@mumia, mode:FULL, size:25, fail:COMP
2026-03-16 18:37:00, EXEC, v:1, k:ed@mumia, mode:FULL, rate:55, size:21
2026-03-16 18:37:10, EXEC, v:1, k:ed@mumia, mode:FULL, rate:100, size:21
2026-03-16 18:37:13, MOVE, v:1, k:ed@mumia, mode:BACK
2026-03-16 18:37:15, MOVE, v:1, k:ed@fuga, mode:DOWN
2026-03-16 19:24:41, MOVE, v:1, k:ed@fuga, mode:PICK
2026-03-16 19:24:41, EXEC, v:1, k:ed@fuga, mode:FULL, rate:100, size:29
2026-03-16 19:24:42, MOVE, v:1, k:ed@fuga, mode:BACK
2026-03-16 19:24:47, MOVE, v:1, k:ed@pedra, mode:DOWN
2026-03-16 19:32:18, MOVE, v:1, k:ed@pedra, mode:PICK
2026-03-16 19:32:18, EXEC, v:1, k:ed@pedra, mode:FULL, size:25, fail:COMP
2026-03-16 19:35:21, EXEC, v:1, k:ed@pedra, mode:FULL, size:26, fail:COMP
2026-03-16 19:35:42, EXEC, v:1, k:ed@pedra, mode:FULL, size:26, fail:COMP
2026-03-16 19:35:50, EXEC, v:1, k:ed@pedra, mode:FULL, size:26, fail:COMP
2026-03-16 19:35:56, EXEC, v:1, k:ed@pedra, mode:FULL, size:26, fail:COMP
2026-03-16 19:36:15, EXEC, v:1, k:ed@pedra, mode:FULL, size:26, fail:COMP
2026-03-16 19:36:30, EXEC, v:1, k:ed@pedra, mode:FULL, rate:0, size:26
2026-03-16 19:37:40, EXEC, v:1, k:ed@pedra, mode:FULL, size:29, fail:COMP
2026-03-16 19:37:49, EXEC, v:1, k:ed@pedra, mode:FULL, rate:25, size:29
2026-03-16 19:38:17, EXEC, v:1, k:ed@pedra, mode:FULL, rate:25, size:30
2026-03-16 19:38:43, EXEC, v:1, k:ed@pedra, mode:FULL, rate:25, size:30
2026-03-16 19:40:37, EXEC, v:1, k:ed@pedra, mode:FULL, size:30, fail:COMP
2026-03-16 19:40:46, EXEC, v:1, k:ed@pedra, mode:FULL, rate:75, size:31
2026-03-16 19:40:54, EXEC, v:1, k:ed@pedra, mode:FULL, rate:100, size:31
2026-03-16 19:41:24, MOVE, v:1, k:ed@pedra, mode:BACK
2026-03-16 19:41:26, MOVE, v:1, k:ed@casais, mode:DOWN
2026-03-16 19:48:54, MOVE, v:1, k:ed@casais, mode:PICK
2026-03-16 19:48:55, EXEC, v:1, k:ed@casais, mode:FULL, rate:100, size:29
2026-03-16 19:48:56, MOVE, v:1, k:ed@casais, mode:BACK
2026-03-16 19:48:57, MOVE, v:1, k:ed@baruel, mode:DOWN
2026-03-16 19:55:26, MOVE, v:1, k:ed@baruel, mode:PICK
2026-03-16 19:55:27, EXEC, v:1, k:ed@baruel, mode:FULL, rate:100, size:44
2026-03-16 19:55:28, MOVE, v:1, k:ed@baruel, mode:BACK
2026-03-16 19:56:45, MOVE, v:1, k:ed@baruel, mode:PICK
2026-03-16 19:56:45, EXEC, v:1, k:ed@baruel, mode:FULL, rate:25, size:44
2026-03-16 19:57:31, EXEC, v:1, k:ed@baruel, mode:FULL, rate:25, size:45
2026-03-16 19:57:43, MOVE, v:1, k:ed@baruel, mode:PICK
2026-03-16 19:57:44, EXEC, v:1, k:ed@baruel, mode:FULL, rate:25
2026-03-16 19:57:55, EXEC, v:1, k:ed@baruel, mode:FULL, rate:100, size:44
2026-03-16 19:57:56, MOVE, v:1, k:ed@baruel, mode:BACK
2026-03-16 19:57:59, MOVE, v:1, k:ed@gomos, mode:DOWN
2026-03-16 19:58:00, MOVE, v:1, k:ed@gomos, mode:PICK
2026-03-16 19:58:01, MOVE, v:1, k:ed@gomos, mode:BACK
2026-03-16 20:14:21, MOVE, v:1, k:ed@gomos, mode:PICK
2026-03-16 20:14:22, EXEC, v:1, k:ed@gomos, mode:FULL, rate:100, size:36
2026-03-16 20:14:22, MOVE, v:1, k:ed@gomos, mode:BACK
